// Jest Snapshot v1, https://goo.gl/fbAQLP

exports[`pruebas en <GifItem /> debe hacer match con el snapshot 1`] = `
<div>
  <div
    class="card"
  >
    <img
      alt="Goku"
      src="https://goku.com/goku.png"
    />
    <p>
      Goku
    </p>
  </div>
</div>
`;
